// Vitest Snapshot v1, https://vitest.dev/guide/snapshot.html

exports[`handle dependencies > basic usage 1`] = `
{
  "dependencies": {
    "accepts": "1.3.8",
    "cache-content-type": "1.0.1",
    "co": "4.6.0",
    "content-disposition": "0.5.4",
    "content-type": "1.0.5",
    "cookies": "0.9.1",
    "debug": "4.3.6",
    "deep-equal": "1.0.1",
    "delegates": "1.0.0",
    "depd": "2.0.0",
    "destroy": "1.2.0",
    "ee-first": "1.1.1",
    "encodeurl": "1.0.2",
    "escape-html": "1.0.3",
    "fresh": "0.5.2",
    "has-symbols": "1.0.3",
    "has-tostringtag": "1.0.2",
    "http-assert": "1.5.0",
    "http-errors": "1.8.1",
    "inherits": "2.0.4",
    "is-generator-function": "1.0.10",
    "keygrip": "1.1.0",
    "koa": "2.15.3",
    "koa-compose": "4.1.0",
    "koa-convert": "2.0.0",
    "media-typer": "0.3.0",
    "mime-db": "1.52.0",
    "mime-types": "2.1.35",
    "ms": "2.1.2",
    "negotiator": "0.6.3",
    "on-finished": "2.4.1",
    "only": "0.0.2",
    "parseurl": "1.3.3",
    "safe-buffer": "5.2.1",
    "setprototypeof": "1.2.0",
    "statuses": "1.5.0",
    "toidentifier": "1.0.1",
    "tsscmp": "1.0.6",
    "type-is": "1.6.18",
    "vary": "1.1.2",
    "ylru": "1.4.0",
  },
  "name": "project1-prod",
  "private": true,
  "version": "1.0.0",
}
`;
